[    0.000000] Linux version 4.15.0-70-generic (buildd@lgw01-amd64-055) (gcc version 7.4.0 (Ubuntu 7.4.0-1ubuntu1~18.04.1)) #79-Ubuntu SMP Tue Nov 12 10:36:11 UTC 2019 (Ubuntu 4.15.0-70.79-generic 4.15.18)
[    0.000000] Command line: BOOT_IMAGE=/boot/vmlinuz-4.15.0-70-generic root=LABEL=cloudimg-rootfs ro console=tty1 console=ttyS0
[    0.000000] KERNEL supported cpus:
[    0.000000]   Intel GenuineIntel
[    0.000000]   AMD AuthenticAMD
[    0.000000]   Centaur CentaurHauls
[    0.000000] x86/fpu: Supporting XSAVE feature 0x001: 'x87 floating point registers'
[    0.000000] x86/fpu: Supporting XSAVE feature 0x002: 'SSE registers'
[    0.000000] x86/fpu: Supporting XSAVE feature 0x004: 'AVX registers'
[    0.000000] x86/fpu: xstate_offset[2]:  576, xstate_sizes[2]:  256
[    0.000000] x86/fpu: Enabled xstate features 0x7, context size is 832 bytes, using 'standard' format.
[    0.000000] e820: BIOS-provided physical RAM map:
[    0.000000] BIOS-e820: [mem 0x0000000000000000-0x000000000009fbff] usable
[    0.000000] BIOS-e820: [mem 0x000000000009fc00-0x000000000009ffff] reserved
[    0.000000] BIOS-e820: [mem 0x00000000000f0000-0x00000000000fffff] reserved
[    0.000000] BIOS-e820: [mem 0x0000000000100000-0x000000003ffeffff] usable
[    0.000000] BIOS-e820: [mem 0x000000003fff0000-0x000000003fffffff] ACPI data
[    0.000000] BIOS-e820: [mem 0x00000000fec00000-0x00000000fec00fff] reserved
[    0.000000] BIOS-e820: [mem 0x00000000fee00000-0x00000000fee00fff] reserved
[    0.000000] BIOS-e820: [mem 0x00000000fffc0000-0x00000000ffffffff] reserved
[    0.000000] NX (Execute Disable) protection: active
[    0.000000] SMBIOS 2.5 present.
[    0.000000] DMI: innotek GmbH VirtualBox/VirtualBox, BIOS VirtualBox 12/01/2006
[    0.000000] Hypervisor detected: KVM
[    0.000000] e820: last_pfn = 0x3fff0 max_arch_pfn = 0x400000000
[    0.000000] MTRR: Disabled
[    0.000000] x86/PAT: MTRRs disabled, skipping PAT initialization too.
[    0.000000] CPU MTRRs all blank - virtualized system.
[    0.000000] x86/PAT: Configuration [0-7]: WB  WT  UC- UC  WB  WT  UC- UC  
[    0.000000] found SMP MP-table at [mem 0x0009fff0-0x0009ffff]
[    0.000000] Scanning 1 areas for low memory corruption
[    0.000000] RAMDISK: [mem 0x35a89000-0x36d3bfff]
[    0.000000] ACPI: Early table checksum verification disabled
[    0.000000] ACPI: RSDP 0x00000000000E0000 000024 (v02 VBOX  )
[    0.000000] ACPI: XSDT 0x000000003FFF0030 00003C (v01 VBOX   VBOXXSDT 00000001 ASL  00000061)
[    0.000000] ACPI: FACP 0x000000003FFF00F0 0000F4 (v04 VBOX   VBOXFACP 00000001 ASL  00000061)
[    0.000000] ACPI: DSDT 0x000000003FFF0470 0022EA (v02 VBOX   VBOXBIOS 00000002 INTL 20100528)
[    0.000000] ACPI: FACS 0x000000003FFF0200 000040
[    0.000000] ACPI: FACS 0x000000003FFF0200 000040
[    0.000000] ACPI: APIC 0x000000003FFF0240 00005C (v02 VBOX   VBOXAPIC 00000001 ASL  00000061)
[    0.000000] ACPI: SSDT 0x000000003FFF02A0 0001CC (v01 VBOX   VBOXCPUT 00000002 INTL 20100528)
[    0.000000] No NUMA configuration found
[    0.000000] Faking a node at [mem 0x0000000000000000-0x000000003ffeffff]
[    0.000000] NODE_DATA(0) allocated [mem 0x3ffc5000-0x3ffeffff]
[    0.000000] kvm-clock: cpu 0, msr 0:3ff44001, primary cpu clock
[    0.000000] kvm-clock: Using msrs 4b564d01 and 4b564d00
[    0.000000] kvm-clock: using sched offset of 4115931408 cycles
[    0.000000] clocksource: kvm-clock: mask: 0xffffffffffffffff max_cycles: 0x1cd42e4dffb, max_idle_ns: 881590591483 ns
[    0.000000] Zone ranges:
[    0.000000]   DMA      [mem 0x0000000000001000-0x0000000000ffffff]
[    0.000000]   DMA32    [mem 0x0000000001000000-0x000000003ffeffff]
[    0.000000]   Normal   empty
[    0.000000]   Device   empty
[    0.000000] Movable zone start for each node
[    0.000000] Early memory node ranges
[    0.000000]   node   0: [mem 0x0000000000001000-0x000000000009efff]
[    0.000000]   node   0: [mem 0x0000000000100000-0x000000003ffeffff]
[    0.000000] Reserved but unavailable: 98 pages
[    0.000000] Initmem setup node 0 [mem 0x0000000000001000-0x000000003ffeffff]
[    0.000000] ACPI: PM-Timer IO Port: 0x4008
[    0.000000] IOAPIC[0]: apic_id 2, version 32, address 0xfec00000, GSI 0-23
[    0.000000] ACPI: INT_SRC_OVR (bus 0 bus_irq 0 global_irq 2 dfl dfl)
[    0.000000] ACPI: INT_SRC_OVR (bus 0 bus_irq 9 global_irq 9 low level)
[    0.000000] Using ACPI (MADT) for SMP configuration information
[    0.000000] smpboot: Allowing 2 CPUs, 0 hotplug CPUs
[    0.000000] PM: Registered nosave memory: [mem 0x00000000-0x00000fff]
[    0.000000] PM: Registered nosave memory: [mem 0x0009f000-0x0009ffff]
[    0.000000] PM: Registered nosave memory: [mem 0x000a0000-0x000effff]
[    0.000000] PM: Registered nosave memory: [mem 0x000f0000-0x000fffff]
[    0.000000] e820: [mem 0x40000000-0xfebfffff] available for PCI devices
[    0.000000] Booting paravirtualized kernel on KVM
[    0.000000] clocksource: refined-jiffies: mask: 0xffffffff max_cycles: 0xffffffff, max_idle_ns: 7645519600211568 ns
[    0.000000] random: get_random_bytes called from start_kernel+0x99/0x4fd with crng_init=0
[    0.000000] setup_percpu: NR_CPUS:8192 nr_cpumask_bits:2 nr_cpu_ids:2 nr_node_ids:1
[    0.000000] percpu: Embedded 45 pages/cpu s147456 r8192 d28672 u1048576
[    0.000000] PV qspinlock hash table entries: 256 (order: 0, 4096 bytes)
[    0.000000] Built 1 zonelists, mobility grouping on.  Total pages: 257913
[    0.000000] Policy zone: DMA32
[    0.000000] Kernel command line: BOOT_IMAGE=/boot/vmlinuz-4.15.0-70-generic root=LABEL=cloudimg-rootfs ro console=tty1 console=ttyS0
[    0.000000] Memory: 983440K/1048120K available (12300K kernel code, 2481K rwdata, 4264K rodata, 2432K init, 2388K bss, 64680K reserved, 0K cma-reserved)
[    0.000000] SLUB: HWalign=64, Order=0-3, MinObjects=0, CPUs=2, Nodes=1
[    0.000000] Kernel/User page tables isolation: enabled
[    0.000000] ftrace: allocating 39315 entries in 154 pages
[    0.004000] Hierarchical RCU implementation.
[    0.004000] 	RCU restricting CPUs from NR_CPUS=8192 to nr_cpu_ids=2.
[    0.004000] 	Tasks RCU enabled.
[    0.004000] RCU: Adjusting geometry for rcu_fanout_leaf=16, nr_cpu_ids=2
[    0.004000] NR_IRQS: 524544, nr_irqs: 440, preallocated irqs: 16
[    0.004000] Console: colour VGA+ 80x25
[    0.004000] console [tty1] enabled
[    0.004000] console [ttyS0] enabled
[    0.004000] ACPI: Core revision 20170831
[    0.004000] ACPI: 2 ACPI AML tables successfully acquired and loaded
[    0.004000] APIC: Switch to symmetric I/O mode setup
[    0.004000] x2apic enabled
[    0.004012] Switched APIC routing to physical x2apic.
[    0.009618] ..TIMER: vector=0x30 apic1=0 pin1=2 apic2=-1 pin2=-1
[    0.012008] tsc: Detected 2699.998 MHz processor
[    0.016016] Calibrating delay loop (skipped) preset value.. 5399.99 BogoMIPS (lpj=10799992)
[    0.019324] pid_max: default: 32768 minimum: 301
[    0.020059] Security Framework initialized
[    0.024009] Yama: becoming mindful.
[    0.028053] AppArmor: AppArmor initialized
[    0.032000] Dentry cache hash table entries: 131072 (order: 8, 1048576 bytes)
[    0.032102] Inode-cache hash table entries: 65536 (order: 7, 524288 bytes)
[    0.036036] Mount-cache hash table entries: 2048 (order: 2, 16384 bytes)
[    0.040021] Mountpoint-cache hash table entries: 2048 (order: 2, 16384 bytes)
[    0.043438] Last level iTLB entries: 4KB 64, 2MB 8, 4MB 8
[    0.044008] Last level dTLB entries: 4KB 64, 2MB 0, 4MB 0, 1GB 4
[    0.048009] Spectre V1 : Mitigation: usercopy/swapgs barriers and __user pointer sanitization
[    0.051285] Spectre V2 : Mitigation: Full generic retpoline
[    0.052007] Spectre V2 : Spectre v2 / SpectreRSB mitigation: Filling RSB on context switch
[    0.056053] Speculative Store Bypass: Vulnerable
[    0.060060] MDS: Mitigation: Clear CPU buffers
[    0.062497] Freeing SMP alternatives memory: 36K
[    0.176641] smpboot: CPU0: Intel(R) Core(TM) i5-5257U CPU @ 2.70GHz (family: 0x6, model: 0x3d, stepping: 0x4)
[    0.179203] Performance Events: unsupported p6 CPU model 61 no PMU driver, software events only.
[    0.180079] Hierarchical SRCU implementation.
[    0.181698] NMI watchdog: Perf event create on CPU 0 failed with -2
[    0.184004] NMI watchdog: Perf NMI watchdog permanently disabled
[    0.185952] smp: Bringing up secondary CPUs ...
[    0.188492] x86: Booting SMP configuration:
[    0.189857] .... node  #0, CPUs:      #1
[    0.004000] kvm-clock: cpu 1, msr 0:3ff44041, secondary cpu clock
[    0.195443] smp: Brought up 1 node, 2 CPUs
[    0.196007] smpboot: Max logical packages: 1
[    0.196976] smpboot: Total of 2 processors activated (10799.99 BogoMIPS)
[    0.198631] devtmpfs: initialized
[    0.200051] x86/mm: Memory block size: 128MB
[    0.201149] evm: security.selinux
[    0.201926] evm: security.SMACK64
[    0.202702] evm: security.SMACK64EXEC
[    0.203642] evm: security.SMACK64TRANSMUTE
[    0.204003] evm: security.SMACK64MMAP
[    0.204853] evm: security.apparmor
[    0.205678] evm: security.ima
[    0.206655] evm: security.capability
[    0.208097] clocksource: jiffies: mask: 0xffffffff max_cycles: 0xffffffff, max_idle_ns: 7645041785100000 ns
[    0.210297] futex hash table entries: 512 (order: 3, 32768 bytes)
[    0.213774] pinctrl core: initialized pinctrl subsystem
[    0.215315] RTC time: 14:25:01, date: 12/02/19
[    0.216171] NET: Registered protocol family 16
[    0.217257] audit: initializing netlink subsys (disabled)
[    0.218580] audit: type=2000 audit(1575296707.002:1): state=initialized audit_enabled=0 res=1
[    0.220019] cpuidle: using governor ladder
[    0.221458] cpuidle: using governor menu
[    0.224054] ACPI: bus type PCI registered
[    0.225541] acpiphp: ACPI Hot Plug PCI Controller Driver version: 0.5
[    0.228141] PCI: Using configuration type 1 for base access
[    0.229455] HugeTLB registered 2.00 MiB page size, pre-allocated 0 pages
[    0.232166] ACPI: Added _OSI(Module Device)
[    0.236004] ACPI: Added _OSI(Processor Device)
[    0.237542] ACPI: Added _OSI(3.0 _SCP Extensions)
[    0.238656] ACPI: Added _OSI(Processor Aggregator Device)
[    0.239940] ACPI: Added _OSI(Linux-Dell-Video)
[    0.240004] ACPI: Added _OSI(Linux-Lenovo-NV-HDMI-Audio)
[    0.241240] ACPI: Added _OSI(Linux-HPI-Hybrid-Graphics)
[    0.244127] ACPI: Executed 1 blocks of module-level executable AML code
[    0.249708] ACPI: Interpreter enabled
[    0.250971] ACPI: (supports S0 S5)
[    0.252007] ACPI: Using IOAPIC for interrupt routing
[    0.253928] PCI: Using host bridge windows from ACPI; if necessary, use "pci=nocrs" and report a bug
[    0.256247] ACPI: Enabled 2 GPEs in block 00 to 07
[    0.267870] ACPI: PCI Root Bridge [PCI0] (domain 0000 [bus 00-ff])
[    0.268021] acpi PNP0A03:00: _OSC: OS supports [ASPM ClockPM Segments MSI]
[    0.272723] acpi PNP0A03:00: _OSC: not requesting OS control; OS requires [ExtendedConfig ASPM ClockPM MSI]
[    0.276024] acpi PNP0A03:00: fail to add MMCONFIG information, can't access extended PCI configuration space under this bridge.
[    0.280819] PCI host bridge to bus 0000:00
[    0.282220] pci_bus 0000:00: root bus resource [io  0x0000-0x0cf7 window]
[    0.284013] pci_bus 0000:00: root bus resource [io  0x0d00-0xffff window]
[    0.285724] pci_bus 0000:00: root bus resource [mem 0x000a0000-0x000bffff window]
[    0.288005] pci_bus 0000:00: root bus resource [mem 0x40000000-0xfdffffff window]
[    0.290202] pci_bus 0000:00: root bus resource [bus 00-ff]
[    0.296166] pci 0000:00:01.1: legacy IDE quirk: reg 0x10: [io  0x01f0-0x01f7]
[    0.297927] pci 0000:00:01.1: legacy IDE quirk: reg 0x14: [io  0x03f6]
[    0.299395] pci 0000:00:01.1: legacy IDE quirk: reg 0x18: [io  0x0170-0x0177]
[    0.300008] pci 0000:00:01.1: legacy IDE quirk: reg 0x1c: [io  0x0376]
[    0.329975] pci 0000:00:07.0: quirk: [io  0x4000-0x403f] claimed by PIIX4 ACPI
[    0.332029] pci 0000:00:07.0: quirk: [io  0x4100-0x410f] claimed by PIIX4 SMB
[    0.349606] ACPI: PCI Interrupt Link [LNKA] (IRQs 5 9 10 *11)
[    0.351596] ACPI: PCI Interrupt Link [LNKB] (IRQs 5 9 *10 11)
[    0.352166] ACPI: PCI Interrupt Link [LNKC] (IRQs 5 *9 10 11)
[    0.356107] ACPI: PCI Interrupt Link [LNKD] (IRQs 5 9 10 *11)
[    0.358172] SCSI subsystem initialized
[    0.359410] pci 0000:00:02.0: vgaarb: setting as boot VGA device
[    0.359410] pci 0000:00:02.0: vgaarb: VGA device added: decodes=io+mem,owns=io+mem,locks=none
[    0.360022] pci 0000:00:02.0: vgaarb: bridge control possible
[    0.364009] vgaarb: loaded
[    0.365194] ACPI: bus type USB registered
[    0.368044] usbcore: registered new interface driver usbfs
[    0.369828] usbcore: registered new interface driver hub
[    0.372006] usbcore: registered new device driver usb
[    0.373897] EDAC MC: Ver: 3.0.0
[    0.376408] PCI: Using ACPI for IRQ routing
[    0.380229] NetLabel: Initializing
[    0.381930] NetLabel:  domain hash size = 128
[    0.383901] NetLabel:  protocols = UNLABELED CIPSOv4 CALIPSO
[    0.384030] NetLabel:  unlabeled traffic allowed by default
[    0.388138] clocksource: Switched to clocksource kvm-clock
[    0.417630] VFS: Disk quotas dquot_6.6.0
[    0.419789] VFS: Dquot-cache hash table entries: 512 (order 0, 4096 bytes)
[    0.422811] AppArmor: AppArmor Filesystem Enabled
[    0.425212] pnp: PnP ACPI init
[    0.429512] pnp: PnP ACPI: found 3 devices
[    0.446876] clocksource: acpi_pm: mask: 0xffffff max_cycles: 0xffffff, max_idle_ns: 2085701024 ns
[    0.449888] NET: Registered protocol family 2
[    0.451516] TCP established hash table entries: 8192 (order: 4, 65536 bytes)
[    0.453851] TCP bind hash table entries: 8192 (order: 5, 131072 bytes)
[    0.460135] TCP: Hash tables configured (established 8192 bind 8192)
[    0.462041] UDP hash table entries: 512 (order: 2, 16384 bytes)
[    0.463443] UDP-Lite hash table entries: 512 (order: 2, 16384 bytes)
[    0.464957] NET: Registered protocol family 1
[    0.466126] pci 0000:00:00.0: Limiting direct PCI/PCI transfers
[    0.467501] pci 0000:00:01.0: Activating ISA DMA hang workarounds
[    0.469009] pci 0000:00:02.0: Video device with shadowed ROM at [mem 0x000c0000-0x000dffff]
[    0.471020] Unpacking initramfs...
[    0.792639] Freeing initrd memory: 19148K
[    0.794103] clocksource: tsc: mask: 0xffffffffffffffff max_cycles: 0x26eb3cc21a9, max_idle_ns: 440795299783 ns
[    0.796938] platform rtc_cmos: registered platform RTC device (no PNP device found)
[    0.798714] Scanning for low memory corruption every 60 seconds
[    0.800787] Initialise system trusted keyrings
[    0.802444] Key type blacklist registered
[    0.807159] workingset: timestamp_bits=36 max_order=18 bucket_order=0
[    0.823674] zbud: loaded
[    0.830670] squashfs: version 4.0 (2009/01/31) Phillip Lougher
[    0.832388] fuse init (API version 7.26)
[    0.836315] Key type asymmetric registered
[    0.837291] Asymmetric key parser 'x509' registered
[    0.838456] Block layer SCSI generic (bsg) driver version 0.4 loaded (major 246)
[    0.840320] io scheduler noop registered
[    0.841258] io scheduler deadline registered
[    0.842282] io scheduler cfq registered (default)
[    0.843856] ACPI: AC Adapter [AC] (on-line)
[    0.845113] input: Power Button as /devices/LNXSYSTM:00/LNXPWRBN:00/input/input0
[    0.846983] ACPI: Power Button [PWRF]
[    0.847944] input: Sleep Button as /devices/LNXSYSTM:00/LNXSLPBN:00/input/input1
[    0.849789] ACPI: Sleep Button [SLPF]
[    0.852231] ACPI: Battery Slot [BAT0] (battery present)
[    0.852268] Serial: 8250/16550 driver, 32 ports, IRQ sharing enabled
[    0.877450] 00:02: ttyS0 at I/O 0x3f8 (irq = 4, base_baud = 115200) is a 16550A
[    0.880620] Linux agpgart interface v0.103
[    0.882624] loop: module loaded
[    0.884147] scsi host0: ata_piix
[    0.885190] scsi host1: ata_piix
[    0.885993] ata1: PATA max UDMA/33 cmd 0x1f0 ctl 0x3f6 bmdma 0xd000 irq 14
[    0.887510] ata2: PATA max UDMA/33 cmd 0x170 ctl 0x376 bmdma 0xd008 irq 15
[    0.889395] libphy: Fixed MDIO Bus: probed
[    0.890622] tun: Universal TUN/TAP device driver, 1.6
[    0.891797] PPP generic driver version 2.4.2
[    0.893265] ehci_hcd: USB 2.0 'Enhanced' Host Controller (EHCI) Driver
[    0.894797] ehci-pci: EHCI PCI platform driver
[    0.895905] ehci-platform: EHCI generic platform driver
[    0.897336] ohci_hcd: USB 1.1 'Open' Host Controller (OHCI) Driver
[    0.899100] ohci-pci: OHCI PCI platform driver
[    0.900545] ohci-platform: OHCI generic platform driver
[    0.902219] uhci_hcd: USB Universal Host Controller Interface driver
[    0.903960] i8042: PNP: PS/2 Controller [PNP0303:PS2K,PNP0f03:PS2M] at 0x60,0x64 irq 1,12
[    0.906671] serio: i8042 KBD port at 0x60,0x64 irq 1
[    0.907872] serio: i8042 AUX port at 0x60,0x64 irq 12
[    0.909247] mousedev: PS/2 mouse device common for all mice
[    0.910853] input: AT Translated Set 2 keyboard as /devices/platform/i8042/serio0/input/input2
[    0.913565] rtc_cmos rtc_cmos: rtc core: registered rtc_cmos as rtc0
[    0.915110] rtc_cmos rtc_cmos: alarms up to one day, 114 bytes nvram
[    0.916618] i2c /dev entries driver
[    0.917487] device-mapper: uevent: version 1.0.3
[    0.918687] device-mapper: ioctl: 4.37.0-ioctl (2017-09-20) initialised: dm-devel@redhat.com
[    0.920893] ledtrig-cpu: registered to indicate activity on CPUs
[    0.922741] NET: Registered protocol family 10
[    0.927856] Segment Routing with IPv6
[    0.928983] NET: Registered protocol family 17
[    0.930196] Key type dns_resolver registered
[    0.931416] mce: Using 0 MCE banks
[    0.932376] RAS: Correctable Errors collector initialized.
[    0.933659] sched_clock: Marking stable (932350839, 0)->(1119875656, -187524817)
[    0.935994] registered taskstats version 1
[    0.937239] Loading compiled-in X.509 certificates
[    0.940638] Loaded X.509 cert 'Build time autogenerated kernel key: 1859b0531897959199376c446a0bd70df75fd1fc'
[    0.942883] zswap: loaded using pool lzo/zbud
[    0.947661] Key type big_key registered
[    0.948782] Key type trusted registered
[    0.951363] Key type encrypted registered
[    0.952366] AppArmor: AppArmor sha1 policy hashing enabled
[    0.953952] ima: No TPM chip found, activating TPM-bypass! (rc=-19)
[    0.955343] ima: Allocated hash algorithm: sha1
[    0.956525] evm: HMAC attrs: 0x1
[    0.957656]   Magic number: 15:46:434
[    0.958610] rtc_cmos rtc_cmos: setting system clock to 2019-12-02 14:25:02 UTC (1575296702)
[    0.960771] BIOS EDD facility v0.16 2004-Jun-25, 0 devices found
[    0.962131] EDD information not available.
[    1.158654] Freeing unused kernel image memory: 2432K
[    1.189252] Write protecting the kernel read-only data: 20480k
[    1.192983] Freeing unused kernel image memory: 2008K
[    1.194916] Freeing unused kernel image memory: 1880K
[    1.202586] x86/mm: Checked W+X mappings: passed, no W+X pages found.
[    1.204058] x86/mm: Checking user space page tables
[    1.210889] x86/mm: Checked W+X mappings: passed, no W+X pages found.
Loading, please wait...
starting version 237
[    1.281666] Fusion MPT base driver 3.04.20
[    1.294240] Copyright (c) 1999-2008 LSI Corporation
[    1.354373] e1000: Intel(R) PRO/1000 Network Driver - version 7.3.21-k8-NAPI
[    1.364565] e1000: Copyright (c) 1999-2006 Intel Corporation.
[    1.373510] Fusion MPT SPI Host driver 3.04.20
[    1.382566] AVX2 version of gcm_enc/dec engaged.
[    1.383681] mptbase: ioc0: Initiating bringup
[    1.384448] AES CTR mode by8 optimization enabled
[    1.660486] input: ImExPS/2 Generic Explorer Mouse as /devices/platform/i8042/serio1/input/input4
[    1.661583] ioc0: LSI53C1030 A0: Capabilities={Initiator}
[    1.906759] scsi host2: ioc0: LSI53C1030 A0, FwRev=00000000h, Ports=1, MaxQ=256, IRQ=20
[    2.077599] scsi 2:0:0:0: Direct-Access     VBOX     HARDDISK         1.0  PQ: 0 ANSI: 5
[    2.108286] scsi target2:0:0: Beginning Domain Validation
[    2.113059] scsi target2:0:0: Domain Validation skipping write tests
[    2.114843] scsi target2:0:0: Ending Domain Validation
[    2.116392] scsi target2:0:0: asynchronous
[    2.118340] scsi 2:0:1:0: Direct-Access     VBOX     HARDDISK         1.0  PQ: 0 ANSI: 5
[    2.448815] scsi target2:0:1: Beginning Domain Validation
[    2.453150] random: fast init done
[    2.455584] scsi target2:0:1: Domain Validation skipping write tests
[    2.457172] scsi target2:0:1: Ending Domain Validation
[    2.458537] scsi target2:0:1: asynchronous
[    2.464074] random: systemd-udevd: uninitialized urandom read (16 bytes read)
[    2.464196] sd 2:0:0:0: Attached scsi generic sg0 type 0
[    2.465787] random: systemd-udevd: uninitialized urandom read (16 bytes read)
[    2.467684] sd 2:0:1:0: Attached scsi generic sg1 type 0
[    2.469218] random: systemd-udevd: uninitialized urandom read (16 bytes read)
[    2.472288] sd 2:0:1:0: [sdb] 20480 512-byte logical blocks: (10.5 MB/10.0 MiB)
[    2.472327] sd 2:0:0:0: [sda] 20971520 512-byte logical blocks: (10.7 GB/10.0 GiB)
[    2.474224] sd 2:0:1:0: [sdb] Write Protect is off
[    2.477781] sd 2:0:0:0: [sda] Write Protect is off
[    2.479191] sd 2:0:0:0: [sda] Incomplete mode parameter data
[    2.480633] sd 2:0:0:0: [sda] Assuming drive cache: write through
[    2.484638]  sda: sda1
[    2.486254] sd 2:0:1:0: [sdb] Incomplete mode parameter data
[    2.487658] sd 2:0:1:0: [sdb] Assuming drive cache: write through
[    2.489246] sd 2:0:0:0: [sda] Attached SCSI disk
[    2.497754] e1000 0000:00:03.0 eth0: (PCI:33MHz:32-bit) 02:83:96:c1:64:f9
[    2.500034] e1000 0000:00:03.0 eth0: Intel(R) PRO/1000 Network Connection
[    2.503063] sd 2:0:1:0: [sdb] Attached SCSI disk
[    2.945955] e1000 0000:00:08.0 eth1: (PCI:33MHz:32-bit) 08:00:27:9a:0c:28
[    2.947512] e1000 0000:00:08.0 eth1: Intel(R) PRO/1000 Network Connection
[    2.950434] e1000 0000:00:08.0 enp0s8: renamed from eth1
[    2.970491] e1000 0000:00:03.0 enp0s3: renamed from eth0
Begin: Loading essential drivers ... [    4.429865] raid6: sse2x1   gen() 11759 MB/s
[    4.476219] raid6: sse2x1   xor()  7146 MB/s
[    4.529458] raid6: sse2x2   gen() 14013 MB/s
[    4.579619] raid6: sse2x2   xor()  8331 MB/s
[    4.629698] raid6: sse2x4   gen() 14847 MB/s
[    4.676540] raid6: sse2x4   xor()  9100 MB/s
[    4.725334] raid6: avx2x1   gen() 18398 MB/s
[    4.776078] raid6: avx2x1   xor() 14028 MB/s
[    4.824147] raid6: avx2x2   gen() 22968 MB/s
[    4.872129] raid6: avx2x2   xor()  7036 MB/s
[    4.920217] raid6: avx2x4   gen() 14628 MB/s
[    4.968777] raid6: avx2x4   xor() 14113 MB/s
[    4.969902] raid6: using algorithm avx2x2 gen() 22968 MB/s
[    4.971256] raid6: .... xor() 7036 MB/s, rmw enabled
[    4.972516] raid6: using avx2x2 recovery algorithm
[    4.974937] xor: automatically using best checksumming function   avx       
[    4.977930] async_tx: api initialized (async)
done.
Begin: Running /scripts/init-premount ... done.
Begin: Mounting root file system ... Begin: Running /scripts/local-top ... done.
Begin: Running /scripts/local-premount ... [    5.035123] Btrfs loaded, crc32c=crc32c-intel
Scanning for Btrfs filesystems
done.
Warning: fsck not present, so skipping root file system
[    5.092929] EXT4-fs (sda1): INFO: recovery required on readonly filesystem
[    5.094528] EXT4-fs (sda1): write access will be enabled during recovery
[    5.106781] EXT4-fs (sda1): recovery complete
[    5.108586] EXT4-fs (sda1): mounted filesystem with ordered data mode. Opts: (null)
done.
Begin: Running /scripts/local-bottom ... done.
Begin: Running /scripts/init-bottom ... done.
[    5.283373] ip_tables: (C) 2000-2006 Netfilter Core Team
[    5.296628] systemd[1]: systemd 237 running in system mode. (+PAM +AUDIT +SELINUX +IMA +APPARMOR +SMACK +SYSVINIT +UTMP +LIBCRYPTSETUP +GCRYPT +GNUTLS +ACL +XZ +LZ4 +SECCOMP +BLKID +ELFUTILS +KMOD -IDN2 +IDN -PCRE2 default-hierarchy=hybrid)
[    5.301587] systemd[1]: Detected virtualization oracle.
[    5.302842] systemd[1]: Detected architecture x86-64.

Welcome to [1mUbuntu 18.04.3 LTS[0m!

[    5.311129] systemd[1]: Set hostname to <ubuntu-bionic>.
[    5.590848] systemd[1]: Reached target System Time Synchronized.
[[0;32m  OK  [0m] Reached target System Time Synchronized.
[    5.595477] systemd[1]: Created slice User and Session Slice.
[[0;32m  OK  [0m] Created slice User and Session Slice.
[    5.598038] systemd[1]: Reached target Swap.
[[0;32m  OK  [0m] Reached target Swap.
[    5.599967] systemd[1]: Reached target User and Group Name Lookups.
[[0;32m  OK  [0m] Reached target User and Group Name Lookups.
[    5.602722] systemd[1]: Started Forward Password Requests to Wall Directory Watch.
[[0;32m  OK  [0m] Started Forward Password Requests to Wall Directory Watch.
[    5.606223] systemd[1]: Set up automount Arbitrary Executable File Formats File System Automount Point.
[[0;32m  OK  [0m] Set up automount Arbitrary Executabâ€¦rmats File System Automount Point.
[[0;32m  OK  [0m] Created slice System Slice.
[[0;32m  OK  [0m] Listening on /dev/initctl Compatibility Named Pipe.
[[0;32m  OK  [0m] Reached target Slices.
[[0;32m  OK  [0m] Listening on udev Kernel Socket.
[[0;32m  OK  [0m] Listening on Journal Audit Socket.
[[0;32m  OK  [0m] Listening on LVM2 poll daemon socket.
[[0;32m  OK  [0m] Listening on udev Control Socket.
[[0;32m  OK  [0m] Listening on Journal Socket.
         Starting Remount Root and Kernel File Systems...
[[0;32m  OK  [0m] Listening on Syslog Socket.
         Mounting POSIX Message Queue File System...
         Starting Load Kernel Modules...
[    5.671116] EXT4-fs (sda1): re-mounted. Opts: (null)
[    5.683007] Loading iSCSI transport class v2.0-870.
[    5.689498] iscsi: registered transport (tcp)
[    5.705382] iscsi: registered transport (iser)
[[0;32m  OK  [0m] Listening on Device-mapper event daemon FIFOs.
[[0;32m  OK  [0m] Listening on Journal Socket (/dev/log).
[[0;32m  OK  [0m] Created slice system-serial\x2dgetty.slice.
         Starting udev Coldplug all Devices...
         Starting Set the console keyboard layout...
         Starting Uncomplicated firewall...
         Mounting Kernel Debug File System...
         Starting Journal Service...
[[0;32m  OK  [0m] Listening on LVM2 metadata daemon socket.
         Starting Monitoring of LVM2 mirrorsâ€¦ng dmeventd or progress polling...
         Starting Create list of required stâ€¦ce nodes for the current kernel...
         Mounting Huge Pages File System...
[[0;32m  OK  [0m] Listening on Network Service Netlink Socket.
[[0;32m  OK  [0m] Started Remount Root and Kernel File Systems.
[[0;32m  OK  [0m] Mounted POSIX Message Queue File System.
[[0;32m  OK  [0m] Started Load Kernel Modules.
[[0;32m  OK  [0m] Started Uncomplicated firewall.
[[0;32m  OK  [0m] Mounted Kernel Debug File System.
[[0;32m  OK  [0m] Mounted Huge Pages File System.
[[0;32m  OK  [0m] Started LVM2 metadata daemon.
         Starting Apply Kernel Variables...
         Mounting FUSE Control File System...
         Mounting Kernel Configuration File System...
         Starting Load/Save Random Seed...
[[0;32m  OK  [0m] Started Journal Service.
[[0;32m  OK  [0m] Started Create list of required staâ€¦vice nodes for the current kernel.
[[0;32m  OK  [0m] Mounted FUSE Control File System.
[[0;32m  OK  [0m] Mounted Kernel Configuration File System.
         Starting Create Static Device Nodes in /dev...
         Starting Flush Journal to Persistent Storage...
[[0;32m  OK  [0m] Started udev Coldplug all Devices.
[[0;32m  OK  [0m] Started Load/Save Random Seed.
[[0;32m  OK  [0m] Started Monitoring of LVM2 mirrors,â€¦sing dmeventd or progress polling.
[[0;32m  OK  [0m] Started Apply Kernel Variables.
[[0;32m  OK  [0m] Started Create Static Device Nodes in /dev.
         Starting udev Kernel Device Manager...
[[0;32m  OK  [0m] Started udev Kernel Device Manager.
[[0;32m  OK  [0m] Started Set the console keyboard layout.
[[0;32m  OK  [0m] Reached target Local File Systems (Pre).
[[0;32m  OK  [0m] Reached target Local File Systems.
         Starting AppArmor initialization...
         Starting Set console font and keymap...
         Starting ebtables ruleset management...
         Starting Tell Plymouth To Write Out Runtime Data...
[[0;32m  OK  [0m] Started Dispatch Password Requests to Console Directory Watch.
[[0;32m  OK  [0m] Reached target Local Encrypted Volumes.
[[0;32m  OK  [0m] Started Set console font and keymap.
[[0;32m  OK  [0m] Started Tell Plymouth To Write Out Runtime Data.
[[0;32m  OK  [0m] Started Flush Journal to Persistent Storage.
[[0;32m  OK  [0m] Started ebtables ruleset management.
         Starting Create Volatile Files and Directories...
[[0;32m  OK  [0m] Started Create Volatile Files and Directories.
         Starting Update UTMP about System Boot/Shutdown...
[[0;32m  OK  [0m] Started Update UTMP about System Boot/Shutdown.
[[0;32m  OK  [0m] Started AppArmor initialization.
         Starting Initial cloud-init job (pre-networking)...
[[0;32m  OK  [0m] Found device /dev/ttyS0.
[[0;32m  OK  [0m] Listening on Load/Save RF Kill Switch Status /dev/rfkill Watch.
[    7.649758] cloud-init[513]: Cloud-init v. 19.2-36-g059d049c-0ubuntu2~18.04.1 running 'init-local' at Mon, 02 Dec 2019 14:25:08 +0000. Up 7.44 seconds.
[[0;32m  OK  [0m] Started Initial cloud-init job (pre-networking).
[[0;32m  OK  [0m] Reached target Network (Pre).
         Starting Network Service...
[[0;32m  OK  [0m] Started Network Service.
         Starting Network Name Resolution...
         Starting Wait for Network to be Configured...
[[0;32m  OK  [0m] Started Network Name Resolution.
[[0;32m  OK  [0m] Reached target Network.
[[0;32m  OK  [0m] Reached target Host and Network Name Lookups.
[[0;32m  OK  [0m] Started Wait for Network to be Configured.
         Starting Initial cloud-init job (metadata service crawler)...
[    9.757557] cloud-init[661]: Cloud-init v. 19.2-36-g059d049c-0ubuntu2~18.04.1 running 'init' at Mon, 02 Dec 2019 14:25:11 +0000. Up 9.61 seconds.
[    9.760094] cloud-init[661]: ci-info: ++++++++++++++++++++++++++++++++++++++Net device info++++++++++++++++++++++++++++++++++++++
[    9.762503] cloud-init[661]: ci-info: +--------+------+----------------------------+---------------+--------+-------------------+
[    9.765940] cloud-init[661]: ci-info: | Device |  Up  |          Address           |      Mask     | Scope  |     Hw-Address    |
[    9.768966] cloud-init[661]: ci-info: +--------+------+----------------------------+---------------+--------+-------------------+
[    9.771348] cloud-init[661]: ci-info: | enp0s3 | True |         10.0.2.15          | 255.255.255.0 | global | 02:83:96:c1:64:f9 |
[    9.774537] cloud-init[661]: ci-info: | enp0s3 | True | fe80::83:96ff:fec1:64f9/64 |       .       |  link  | 02:83:96:c1:64:f9 |
[    9.777759] cloud-init[661]: ci-info: | enp0s8 | True |       192.168.33.10        | 255.255.255.0 | global | 08:00:27:9a:0c:28 |
[    9.780589] cloud-init[661]: ci-info: | enp0s8 | True | fe80::a00:27ff:fe9a:c28/64 |       .       |  link  | 08:00:27:9a:0c:28 |
[    9.782839] cloud-init[661]: ci-info: |   lo   | True |         127.0.0.1          |   255.0.0.0   |  host  |         .         |
[    9.785573] cloud-init[661]: ci-info: |   lo   | True |          ::1/128           |       .       |  host  |         .         |
[    9.788539] cloud-init[661]: ci-info: +--------+------+----------------------------+---------------+--------+-------------------+
[    9.793260] cloud-init[661]: ci-info: +++++++++++++++++++++++++++++Route IPv4 info+++++++++++++++++++++++++++++
[    9.796354] cloud-init[661]: ci-info: +-------+--------------+----------+-----------------+-----------+-------+
[    9.812204] cloud-init[661]: ci-info: | Route | Destination  | Gateway  |     Genmask     | Interface | Flags |
[    9.828323] cloud-init[661]: ci-info: +-------+--------------+----------+-----------------+-----------+-------+
[    9.831388] cloud-init[661]: ci-info: |   0   |   0.0.0.0    | 10.0.2.2 |     0.0.0.0     |   enp0s3  |   UG  |
[    9.833654] cloud-init[661]: ci-info: |   1   |   10.0.2.0   | 0.0.0.0  |  255.255.255.0  |   enp0s3  |   U   |
[    9.836707] cloud-init[661]: ci-info: |   2   |   10.0.2.2   | 0.0.0.0  | 255.255.255.255 |   enp0s3  |   UH  |
[    9.839231] cloud-init[661]: ci-info: |   3   | 192.168.33.0 | 0.0.0.0  |  255.255.255.0  |   enp0s8  |   U   |
[    9.841716] cloud-init[661]: ci-info: +-------+--------------+----------+-----------------+-----------+-------+
[    9.843705] cloud-init[661]: ci-info: +++++++++++++++++++Route IPv6 info+++++++++++++++++++
[    9.845422] cloud-init[661]: ci-info: +-------+-------------+---------+-----------+-------+
[    9.847122] cloud-init[661]: ci-info: | Route | Destination | Gateway | Interface | Flags |
[    9.848758] cloud-init[661]: ci-info: +-------+-------------+---------+-----------+-------+
[    9.850593] cloud-init[661]: ci-info: |   1   |  fe80::/64  |    ::   |   enp0s8  |   U   |
[    9.852637] cloud-init[661]: ci-info: |   2   |  fe80::/64  |    ::   |   enp0s3  |   U   |
[    9.854279] cloud-init[661]: ci-info: |   4   |    local    |    ::   |   enp0s3  |   U   |
[    9.856232] cloud-init[661]: ci-info: |   5   |    local    |    ::   |   enp0s8  |   U   |
[    9.858205] cloud-init[661]: ci-info: |   6   |   ff00::/8  |    ::   |   enp0s8  |   U   |
[    9.860457] cloud-init[661]: ci-info: |   7   |   ff00::/8  |    ::   |   enp0s3  |   U   |
[    9.862239] cloud-init[661]: ci-info: +-------+-------------+---------+-----------+-------+
[[0;32m  OK  [0m] Started Initial cloud-init job (metadata service crawler).
[[0;32m  OK  [0m] Reached target System Initialization.
[[0;32m  OK  [0m] Started Message of the Day.
[[0;32m  OK  [0m] Listening on UUID daemon activation socket.
[[0;32m  OK  [0m] Started Discard unused blocks once a week.
[[0;32m  OK  [0m] Started Daily Cleanup of Temporary Directories.
[[0;32m  OK  [0m] Listening on Open-iSCSI iscsid Socket.
[[0;32m  OK  [0m] Started Daily apt download activities.
[[0;32m  OK  [0m] Started Daily apt upgrade and clean activities.
[[0;32m  OK  [0m] Reached target Timers.
[[0;32m  OK  [0m] Listening on ACPID Listen Socket.
         Starting Socket activation for snappy daemon.
         Starting LXD - unix socket.
[[0;32m  OK  [0m] Listening on D-Bus System Message Bus Socket.
[[0;32m  OK  [0m] Started ACPI Events Check.
[[0;32m  OK  [0m] Reached target Paths.
[[0;32m  OK  [0m] Reached target Cloud-config availability.
[[0;32m  OK  [0m] Reached target Network is Online.
         Starting Availability of block devices...
[[0;32m  OK  [0m] Reached target Remote File Systems (Pre).
[[0;32m  OK  [0m] Reached target Remote File Systems.
[[0;32m  OK  [0m] Listening on Socket activation for snappy daemon.
[[0;32m  OK  [0m] Listening on LXD - unix socket.
[[0;32m  OK  [0m] Reached target Sockets.
[[0;32m  OK  [0m] Reached target Basic System.
[[0;32m  OK  [0m] Started Deferred execution scheduler.
[[0;32m  OK  [0m] Started irqbalance daemon.
         Starting Dispatcher daemon for systemd-networkd...
         Starting Virtualbox guest utils...
         Starting Login Service...
[[0;32m  OK  [0m] Started Regular background program processing daemon.
         Starting OpenBSD Secure Shell server...
         Starting Snappy daemon...
         Starting System Logging Service...
[[0;32m  OK  [0m] Started D-Bus System Message Bus.
[[0;32m  OK  [0m] Started FUSE filesystem for LXC.
         Starting LXD - container startup/shutdown...
         Starting LSB: Record successful boot for GRUB...
         Starting Permit User Sessions...
         Starting Accounts Service...
         Starting LSB: automatic crash report generation...
         Starting A high performance web server and a reverse proxy server...
[[0;32m  OK  [0m] Started Availability of block devices.
[[0;32m  OK  [0m] Started System Logging Service.
[[0;32m  OK  [0m] Started Login Service.
[[0;32m  OK  [0m] Started Unattended Upgrades Shutdown.
[[0;32m  OK  [0m] Started OpenBSD Secure Shell server.
[[0;32m  OK  [0m] Started Permit User Sessions.
         Starting Terminate Plymouth Boot Screen...
         Starting Hold until boot process finishes up...
[[0;32m  OK  [0m] Started Hold until boot process finishes up.
         Starting Set console scheme...
[[0;32m  OK  [0m] Started Serial Getty on ttyS0.
[[0;32m  OK  [0m] Started Terminate Plymouth Boot Screen.
[[0;32m  OK  [0m] Started Set console scheme.
[[0;32m  OK  [0m] Created slice system-getty.slice.
[[0;32m  OK  [0m] Started Getty on tty1.
[[0;32m  OK  [0m] Reached target Login Prompts.
         Starting Authorization Manager...
[[0;32m  OK  [0m] Started LSB: Record successful boot for GRUB.
[[0;32m  OK  [0m] Started LSB: automatic crash report generation.
[[0;32m  OK  [0m] Started Virtualbox guest utils.
[[0;32m  OK  [0m] Started Authorization Manager.
[[0;32m  OK  [0m] Started Accounts Service.
[[0;32m  OK  [0m] Started LXD - container startup/shutdown.
[[0;32m  OK  [0m] Started A high performance web server and a reverse proxy server.
[[0;32m  OK  [0m] Started Dispatcher daemon for systemd-networkd.
[[0;32m  OK  [0m] Started Snappy daemon.
         Starting Wait until snapd is fully seeded...
[[0;32m  OK  [0m] Started Wait until snapd is fully seeded.
[[0;32m  OK  [0m] Reached target Multi-User System.
[[0;32m  OK  [0m] Reached target Graphical Interface.
         Starting Update UTMP about System Runlevel Changes...
         Starting Apply the settings specified in cloud-config...
[[0;32m  OK  [0m] Started Update UTMP about System Runlevel Changes.
[   11.747229] cloud-init[1044]: Cloud-init v. 19.2-36-g059d049c-0ubuntu2~18.04.1 running 'modules:config' at Mon, 02 Dec 2019 14:25:13 +0000. Up 11.54 seconds.
[[0;32m  OK  [0m] Started Apply the settings specified in cloud-config.
         Starting Execute cloud user/final scripts...
[[0;32m  OK  [0m] Created slice User Slice of vagrant.
         Starting User Manager for UID 1000...
[[0;32m  OK  [0m] Started Session 1 of user vagrant.
[[0;32m  OK  [0m] Started User Manager for UID 1000.
[   12.522930] cloud-init[1096]: Cloud-init v. 19.2-36-g059d049c-0ubuntu2~18.04.1 running 'modules:final' at Mon, 02 Dec 2019 14:25:13 +0000. Up 12.37 seconds.
[   12.528910] cloud-init[1096]: Cloud-init v. 19.2-36-g059d049c-0ubuntu2~18.04.1 finished at Mon, 02 Dec 2019 14:25:14 +0000. Datasource DataSourceNoCloud [seed=/dev/sdb][dsmode=net].  Up 12.51 seconds
[[0;32m  OK  [0m] Started Execute cloud user/final scripts.
[[0;32m  OK  [0m] Reached target Cloud-init target.

Ubuntu 18.04.3 LTS ubuntu-bionic ttyS0

ubuntu-bionic login: 