[    0.000000] Linux version 4.15.0-70-generic (buildd@lgw01-amd64-055) (gcc version 7.4.0 (Ubuntu 7.4.0-1ubuntu1~18.04.1)) #79-Ubuntu SMP Tue Nov 12 10:36:11 UTC 2019 (Ubuntu 4.15.0-70.79-generic 4.15.18)
[    0.000000] Command line: BOOT_IMAGE=/boot/vmlinuz-4.15.0-70-generic root=LABEL=cloudimg-rootfs ro console=tty1 console=ttyS0
[    0.000000] KERNEL supported cpus:
[    0.000000]   Intel GenuineIntel
[    0.000000]   AMD AuthenticAMD
[    0.000000]   Centaur CentaurHauls
[    0.000000] x86/fpu: Supporting XSAVE feature 0x001: 'x87 floating point registers'
[    0.000000] x86/fpu: Supporting XSAVE feature 0x002: 'SSE registers'
[    0.000000] x86/fpu: Supporting XSAVE feature 0x004: 'AVX registers'
[    0.000000] x86/fpu: xstate_offset[2]:  576, xstate_sizes[2]:  256
[    0.000000] x86/fpu: Enabled xstate features 0x7, context size is 832 bytes, using 'standard' format.
[    0.000000] e820: BIOS-provided physical RAM map:
[    0.000000] BIOS-e820: [mem 0x0000000000000000-0x000000000009fbff] usable
[    0.000000] BIOS-e820: [mem 0x000000000009fc00-0x000000000009ffff] reserved
[    0.000000] BIOS-e820: [mem 0x00000000000f0000-0x00000000000fffff] reserved
[    0.000000] BIOS-e820: [mem 0x0000000000100000-0x000000003ffeffff] usable
[    0.000000] BIOS-e820: [mem 0x000000003fff0000-0x000000003fffffff] ACPI data
[    0.000000] BIOS-e820: [mem 0x00000000fec00000-0x00000000fec00fff] reserved
[    0.000000] BIOS-e820: [mem 0x00000000fee00000-0x00000000fee00fff] reserved
[    0.000000] BIOS-e820: [mem 0x00000000fffc0000-0x00000000ffffffff] reserved
[    0.000000] NX (Execute Disable) protection: active
[    0.000000] SMBIOS 2.5 present.
[    0.000000] DMI: innotek GmbH VirtualBox/VirtualBox, BIOS VirtualBox 12/01/2006
[    0.000000] Hypervisor detected: KVM
[    0.000000] e820: last_pfn = 0x3fff0 max_arch_pfn = 0x400000000
[    0.000000] MTRR: Disabled
[    0.000000] x86/PAT: MTRRs disabled, skipping PAT initialization too.
[    0.000000] CPU MTRRs all blank - virtualized system.
[    0.000000] x86/PAT: Configuration [0-7]: WB  WT  UC- UC  WB  WT  UC- UC  
[    0.000000] found SMP MP-table at [mem 0x0009fff0-0x0009ffff]
[    0.000000] Scanning 1 areas for low memory corruption
[    0.000000] RAMDISK: [mem 0x35a89000-0x36d3bfff]
[    0.000000] ACPI: Early table checksum verification disabled
[    0.000000] ACPI: RSDP 0x00000000000E0000 000024 (v02 VBOX  )
[    0.000000] ACPI: XSDT 0x000000003FFF0030 00003C (v01 VBOX   VBOXXSDT 00000001 ASL  00000061)
[    0.000000] ACPI: FACP 0x000000003FFF00F0 0000F4 (v04 VBOX   VBOXFACP 00000001 ASL  00000061)
[    0.000000] ACPI: DSDT 0x000000003FFF0470 0022EA (v02 VBOX   VBOXBIOS 00000002 INTL 20100528)
[    0.000000] ACPI: FACS 0x000000003FFF0200 000040
[    0.000000] ACPI: FACS 0x000000003FFF0200 000040
[    0.000000] ACPI: APIC 0x000000003FFF0240 00005C (v02 VBOX   VBOXAPIC 00000001 ASL  00000061)
[    0.000000] ACPI: SSDT 0x000000003FFF02A0 0001CC (v01 VBOX   VBOXCPUT 00000002 INTL 20100528)
[    0.000000] No NUMA configuration found
[    0.000000] Faking a node at [mem 0x0000000000000000-0x000000003ffeffff]
[    0.000000] NODE_DATA(0) allocated [mem 0x3ffc5000-0x3ffeffff]
[    0.000000] kvm-clock: cpu 0, msr 0:3ff44001, primary cpu clock
[    0.000000] kvm-clock: Using msrs 4b564d01 and 4b564d00
[    0.000000] kvm-clock: using sched offset of 4105602521 cycles
[    0.000000] clocksource: kvm-clock: mask: 0xffffffffffffffff max_cycles: 0x1cd42e4dffb, max_idle_ns: 881590591483 ns
[    0.000000] Zone ranges:
[    0.000000]   DMA      [mem 0x0000000000001000-0x0000000000ffffff]
[    0.000000]   DMA32    [mem 0x0000000001000000-0x000000003ffeffff]
[    0.000000]   Normal   empty
[    0.000000]   Device   empty
[    0.000000] Movable zone start for each node
[    0.000000] Early memory node ranges
[    0.000000]   node   0: [mem 0x0000000000001000-0x000000000009efff]
[    0.000000]   node   0: [mem 0x0000000000100000-0x000000003ffeffff]
[    0.000000] Reserved but unavailable: 98 pages
[    0.000000] Initmem setup node 0 [mem 0x0000000000001000-0x000000003ffeffff]
[    0.000000] ACPI: PM-Timer IO Port: 0x4008
[    0.000000] IOAPIC[0]: apic_id 2, version 32, address 0xfec00000, GSI 0-23
[    0.000000] ACPI: INT_SRC_OVR (bus 0 bus_irq 0 global_irq 2 dfl dfl)
[    0.000000] ACPI: INT_SRC_OVR (bus 0 bus_irq 9 global_irq 9 low level)
[    0.000000] Using ACPI (MADT) for SMP configuration information
[    0.000000] smpboot: Allowing 2 CPUs, 0 hotplug CPUs
[    0.000000] PM: Registered nosave memory: [mem 0x00000000-0x00000fff]
[    0.000000] PM: Registered nosave memory: [mem 0x0009f000-0x0009ffff]
[    0.000000] PM: Registered nosave memory: [mem 0x000a0000-0x000effff]
[    0.000000] PM: Registered nosave memory: [mem 0x000f0000-0x000fffff]
[    0.000000] e820: [mem 0x40000000-0xfebfffff] available for PCI devices
[    0.000000] Booting paravirtualized kernel on KVM
[    0.000000] clocksource: refined-jiffies: mask: 0xffffffff max_cycles: 0xffffffff, max_idle_ns: 7645519600211568 ns
[    0.000000] random: get_random_bytes called from start_kernel+0x99/0x4fd with crng_init=0
[    0.000000] setup_percpu: NR_CPUS:8192 nr_cpumask_bits:2 nr_cpu_ids:2 nr_node_ids:1
[    0.000000] percpu: Embedded 45 pages/cpu s147456 r8192 d28672 u1048576
[    0.000000] PV qspinlock hash table entries: 256 (order: 0, 4096 bytes)
[    0.000000] Built 1 zonelists, mobility grouping on.  Total pages: 257913
[    0.000000] Policy zone: DMA32
[    0.000000] Kernel command line: BOOT_IMAGE=/boot/vmlinuz-4.15.0-70-generic root=LABEL=cloudimg-rootfs ro console=tty1 console=ttyS0
[    0.000000] Memory: 983440K/1048120K available (12300K kernel code, 2481K rwdata, 4264K rodata, 2432K init, 2388K bss, 64680K reserved, 0K cma-reserved)
[    0.000000] SLUB: HWalign=64, Order=0-3, MinObjects=0, CPUs=2, Nodes=1
[    0.000000] Kernel/User page tables isolation: enabled
[    0.000000] ftrace: allocating 39315 entries in 154 pages
[    0.004000] Hierarchical RCU implementation.
[    0.004000] 	RCU restricting CPUs from NR_CPUS=8192 to nr_cpu_ids=2.
[    0.004000] 	Tasks RCU enabled.
[    0.004000] RCU: Adjusting geometry for rcu_fanout_leaf=16, nr_cpu_ids=2
[    0.004000] NR_IRQS: 524544, nr_irqs: 440, preallocated irqs: 16
[    0.004000] Console: colour VGA+ 80x25
[    0.004000] console [tty1] enabled
[    0.004000] console [ttyS0] enabled
[    0.004000] ACPI: Core revision 20170831
[    0.004000] ACPI: 2 ACPI AML tables successfully acquired and loaded
[    0.004000] APIC: Switch to symmetric I/O mode setup
[    0.004000] x2apic enabled
[    0.004000] Switched APIC routing to physical x2apic.
[    0.004000] ..TIMER: vector=0x30 apic1=0 pin1=2 apic2=-1 pin2=-1
[    0.004004] tsc: Detected 2699.998 MHz processor
[    0.005253] Calibrating delay loop (skipped) preset value.. 5399.99 BogoMIPS (lpj=10799992)
[    0.008004] pid_max: default: 32768 minimum: 301
[    0.009072] Security Framework initialized
[    0.009984] Yama: becoming mindful.
[    0.012113] AppArmor: AppArmor initialized
[    0.015098] Dentry cache hash table entries: 131072 (order: 8, 1048576 bytes)
[    0.016072] Inode-cache hash table entries: 65536 (order: 7, 524288 bytes)
[    0.017602] Mount-cache hash table entries: 2048 (order: 2, 16384 bytes)
[    0.020007] Mountpoint-cache hash table entries: 2048 (order: 2, 16384 bytes)
[    0.021774] Last level iTLB entries: 4KB 64, 2MB 8, 4MB 8
[    0.022971] Last level dTLB entries: 4KB 64, 2MB 0, 4MB 0, 1GB 4
[    0.024006] Spectre V1 : Mitigation: usercopy/swapgs barriers and __user pointer sanitization
[    0.025871] Spectre V2 : Mitigation: Full generic retpoline
[    0.028002] Spectre V2 : Spectre v2 / SpectreRSB mitigation: Filling RSB on context switch
[    0.029810] Speculative Store Bypass: Vulnerable
[    0.030988] MDS: Mitigation: Clear CPU buffers
[    0.032149] Freeing SMP alternatives memory: 36K
[    0.143003] smpboot: CPU0: Intel(R) Core(TM) i5-5257U CPU @ 2.70GHz (family: 0x6, model: 0x3d, stepping: 0x4)
[    0.144000] Performance Events: unsupported p6 CPU model 61 no PMU driver, software events only.
[    0.144039] Hierarchical SRCU implementation.
[    0.145580] NMI watchdog: Perf event create on CPU 0 failed with -2
[    0.146975] NMI watchdog: Perf NMI watchdog permanently disabled
[    0.148056] smp: Bringing up secondary CPUs ...
[    0.149162] x86: Booting SMP configuration:
[    0.150202] .... node  #0, CPUs:      #1
[    0.004000] kvm-clock: cpu 1, msr 0:3ff44041, secondary cpu clock
[    0.154683] smp: Brought up 1 node, 2 CPUs
[    0.154683] smpboot: Max logical packages: 1
[    0.156006] smpboot: Total of 2 processors activated (10799.99 BogoMIPS)
[    0.157560] devtmpfs: initialized
[    0.157560] x86/mm: Memory block size: 128MB
[    0.160144] evm: security.selinux
[    0.160912] evm: security.SMACK64
[    0.161661] evm: security.SMACK64EXEC
[    0.162507] evm: security.SMACK64TRANSMUTE
[    0.163470] evm: security.SMACK64MMAP
[    0.164004] evm: security.apparmor
[    0.164834] evm: security.ima
[    0.165524] evm: security.capability
[    0.166436] clocksource: jiffies: mask: 0xffffffff max_cycles: 0xffffffff, max_idle_ns: 7645041785100000 ns
[    0.168014] futex hash table entries: 512 (order: 3, 32768 bytes)
[    0.170992] pinctrl core: initialized pinctrl subsystem
[    0.172148] RTC time: 18:04:05, date: 12/04/19
[    0.173330] NET: Registered protocol family 16
[    0.176080] audit: initializing netlink subsys (disabled)
[    0.177297] audit: type=2000 audit(1575482650.931:1): state=initialized audit_enabled=0 res=1
[    0.180014] cpuidle: using governor ladder
[    0.180919] cpuidle: using governor menu
[    0.181838] ACPI: bus type PCI registered
[    0.182789] acpiphp: ACPI Hot Plug PCI Controller Driver version: 0.5
[    0.184115] PCI: Using configuration type 1 for base access
[    0.185389] HugeTLB registered 2.00 MiB page size, pre-allocated 0 pages
[    0.188130] ACPI: Added _OSI(Module Device)
[    0.189408] ACPI: Added _OSI(Processor Device)
[    0.190466] ACPI: Added _OSI(3.0 _SCP Extensions)
[    0.192004] ACPI: Added _OSI(Processor Aggregator Device)
[    0.193262] ACPI: Added _OSI(Linux-Dell-Video)
[    0.194392] ACPI: Added _OSI(Linux-Lenovo-NV-HDMI-Audio)
[    0.196010] ACPI: Added _OSI(Linux-HPI-Hybrid-Graphics)
[    0.197648] ACPI: Executed 1 blocks of module-level executable AML code
[    0.203030] ACPI: Interpreter enabled
[    0.204027] ACPI: (supports S0 S5)
[    0.205041] ACPI: Using IOAPIC for interrupt routing
[    0.206465] PCI: Using host bridge windows from ACPI; if necessary, use "pci=nocrs" and report a bug
[    0.208234] ACPI: Enabled 2 GPEs in block 00 to 07
[    0.217126] ACPI: PCI Root Bridge [PCI0] (domain 0000 [bus 00-ff])
[    0.218485] acpi PNP0A03:00: _OSC: OS supports [ASPM ClockPM Segments MSI]
[    0.220473] acpi PNP0A03:00: _OSC: not requesting OS control; OS requires [ExtendedConfig ASPM ClockPM MSI]
[    0.222623] acpi PNP0A03:00: fail to add MMCONFIG information, can't access extended PCI configuration space under this bridge.
[    0.224487] PCI host bridge to bus 0000:00
[    0.225447] pci_bus 0000:00: root bus resource [io  0x0000-0x0cf7 window]
[    0.228004] pci_bus 0000:00: root bus resource [io  0x0d00-0xffff window]
[    0.229447] pci_bus 0000:00: root bus resource [mem 0x000a0000-0x000bffff window]
[    0.231098] pci_bus 0000:00: root bus resource [mem 0x40000000-0xfdffffff window]
[    0.232003] pci_bus 0000:00: root bus resource [bus 00-ff]
[    0.237803] pci 0000:00:01.1: legacy IDE quirk: reg 0x10: [io  0x01f0-0x01f7]
[    0.239416] pci 0000:00:01.1: legacy IDE quirk: reg 0x14: [io  0x03f6]
[    0.240006] pci 0000:00:01.1: legacy IDE quirk: reg 0x18: [io  0x0170-0x0177]
[    0.241584] pci 0000:00:01.1: legacy IDE quirk: reg 0x1c: [io  0x0376]
[    0.268103] pci 0000:00:07.0: quirk: [io  0x4000-0x403f] claimed by PIIX4 ACPI
[    0.270514] pci 0000:00:07.0: quirk: [io  0x4100-0x410f] claimed by PIIX4 SMB
[    0.289868] ACPI: PCI Interrupt Link [LNKA] (IRQs 5 9 10 *11)
[    0.292255] ACPI: PCI Interrupt Link [LNKB] (IRQs 5 9 *10 11)
[    0.295005] ACPI: PCI Interrupt Link [LNKC] (IRQs 5 *9 10 11)
[    0.296349] ACPI: PCI Interrupt Link [LNKD] (IRQs 5 9 10 *11)
[    0.300919] SCSI subsystem initialized
[    0.302707] pci 0000:00:02.0: vgaarb: setting as boot VGA device
[    0.302707] pci 0000:00:02.0: vgaarb: VGA device added: decodes=io+mem,owns=io+mem,locks=none
[    0.304014] pci 0000:00:02.0: vgaarb: bridge control possible
[    0.308009] vgaarb: loaded
[    0.309190] ACPI: bus type USB registered
[    0.312036] usbcore: registered new interface driver usbfs
[    0.314408] usbcore: registered new interface driver hub
[    0.316159] usbcore: registered new device driver usb
[    0.320368] EDAC MC: Ver: 3.0.0
[    0.322932] PCI: Using ACPI for IRQ routing
[    0.325023] NetLabel: Initializing
[    0.328004] NetLabel:  domain hash size = 128
[    0.329802] NetLabel:  protocols = UNLABELED CIPSOv4 CALIPSO
[    0.332058] NetLabel:  unlabeled traffic allowed by default
[    0.334759] clocksource: Switched to clocksource kvm-clock
[    0.362050] VFS: Disk quotas dquot_6.6.0
[    0.364836] VFS: Dquot-cache hash table entries: 512 (order 0, 4096 bytes)
[    0.367305] AppArmor: AppArmor Filesystem Enabled
[    0.369189] pnp: PnP ACPI init
[    0.371756] pnp: PnP ACPI: found 3 devices
[    0.383548] clocksource: acpi_pm: mask: 0xffffff max_cycles: 0xffffff, max_idle_ns: 2085701024 ns
[    0.386321] NET: Registered protocol family 2
[    0.387722] TCP established hash table entries: 8192 (order: 4, 65536 bytes)
[    0.389731] TCP bind hash table entries: 8192 (order: 5, 131072 bytes)
[    0.392988] TCP: Hash tables configured (established 8192 bind 8192)
[    0.394484] UDP hash table entries: 512 (order: 2, 16384 bytes)
[    0.395843] UDP-Lite hash table entries: 512 (order: 2, 16384 bytes)
[    0.398169] NET: Registered protocol family 1
[    0.399428] pci 0000:00:00.0: Limiting direct PCI/PCI transfers
[    0.400834] pci 0000:00:01.0: Activating ISA DMA hang workarounds
[    0.402244] pci 0000:00:02.0: Video device with shadowed ROM at [mem 0x000c0000-0x000dffff]
[    0.404217] Unpacking initramfs...
[    0.729111] Freeing initrd memory: 19148K
[    0.730386] clocksource: tsc: mask: 0xffffffffffffffff max_cycles: 0x26eb3cc21a9, max_idle_ns: 440795299783 ns
[    0.732923] platform rtc_cmos: registered platform RTC device (no PNP device found)
[    0.734756] Scanning for low memory corruption every 60 seconds
[    0.737250] Initialise system trusted keyrings
[    0.738274] Key type blacklist registered
[    0.739292] workingset: timestamp_bits=36 max_order=18 bucket_order=0
[    0.741590] zbud: loaded
[    0.742722] squashfs: version 4.0 (2009/01/31) Phillip Lougher
[    0.744403] fuse init (API version 7.26)
[    0.748563] Key type asymmetric registered
[    0.749526] Asymmetric key parser 'x509' registered
[    0.750674] Block layer SCSI generic (bsg) driver version 0.4 loaded (major 246)
[    0.752929] io scheduler noop registered
[    0.753855] io scheduler deadline registered
[    0.754886] io scheduler cfq registered (default)
[    0.756522] ACPI: AC Adapter [AC] (off-line)
[    0.757581] input: Power Button as /devices/LNXSYSTM:00/LNXPWRBN:00/input/input0
[    0.759357] ACPI: Power Button [PWRF]
[    0.760323] input: Sleep Button as /devices/LNXSYSTM:00/LNXSLPBN:00/input/input1
[    0.762282] ACPI: Sleep Button [SLPF]
[    0.765475] ACPI: Battery Slot [BAT0] (battery present)
[    0.766845] Serial: 8250/16550 driver, 32 ports, IRQ sharing enabled
[    0.790080] 00:02: ttyS0 at I/O 0x3f8 (irq = 4, base_baud = 115200) is a 16550A
[    0.795320] Linux agpgart interface v0.103
[    0.797979] loop: module loaded
[    0.799357] scsi host0: ata_piix
[    0.800308] scsi host1: ata_piix
[    0.801311] ata1: PATA max UDMA/33 cmd 0x1f0 ctl 0x3f6 bmdma 0xd000 irq 14
[    0.803115] ata2: PATA max UDMA/33 cmd 0x170 ctl 0x376 bmdma 0xd008 irq 15
[    0.805444] libphy: Fixed MDIO Bus: probed
[    0.806557] tun: Universal TUN/TAP device driver, 1.6
[    0.807765] PPP generic driver version 2.4.2
[    0.809019] ehci_hcd: USB 2.0 'Enhanced' Host Controller (EHCI) Driver
[    0.810451] ehci-pci: EHCI PCI platform driver
[    0.811874] ehci-platform: EHCI generic platform driver
[    0.813162] ohci_hcd: USB 1.1 'Open' Host Controller (OHCI) Driver
[    0.815064] ohci-pci: OHCI PCI platform driver
[    0.816116] ohci-platform: OHCI generic platform driver
[    0.817319] uhci_hcd: USB Universal Host Controller Interface driver
[    0.818812] i8042: PNP: PS/2 Controller [PNP0303:PS2K,PNP0f03:PS2M] at 0x60,0x64 irq 1,12
[    0.821241] serio: i8042 KBD port at 0x60,0x64 irq 1
[    0.822473] serio: i8042 AUX port at 0x60,0x64 irq 12
[    0.824180] mousedev: PS/2 mouse device common for all mice
[    0.826143] rtc_cmos rtc_cmos: rtc core: registered rtc_cmos as rtc0
[    0.827597] rtc_cmos rtc_cmos: alarms up to one day, 114 bytes nvram
[    0.829117] input: AT Translated Set 2 keyboard as /devices/platform/i8042/serio0/input/input2
[    0.831026] i2c /dev entries driver
[    0.832047] device-mapper: uevent: version 1.0.3
[    0.833324] device-mapper: ioctl: 4.37.0-ioctl (2017-09-20) initialised: dm-devel@redhat.com
[    0.835237] ledtrig-cpu: registered to indicate activity on CPUs
[    0.837197] NET: Registered protocol family 10
[    0.843314] Segment Routing with IPv6
[    0.844206] NET: Registered protocol family 17
[    0.845292] Key type dns_resolver registered
[    0.846680] mce: Using 0 MCE banks
[    0.847812] RAS: Correctable Errors collector initialized.
[    0.849203] sched_clock: Marking stable (849177929, 0)->(1030999905, -181821976)
[    0.851464] registered taskstats version 1
[    0.852447] Loading compiled-in X.509 certificates
[    0.856549] Loaded X.509 cert 'Build time autogenerated kernel key: 1859b0531897959199376c446a0bd70df75fd1fc'
[    0.858796] zswap: loaded using pool lzo/zbud
[    0.863850] Key type big_key registered
[    0.864866] Key type trusted registered
[    0.867769] Key type encrypted registered
[    0.868751] AppArmor: AppArmor sha1 policy hashing enabled
[    0.869917] ima: No TPM chip found, activating TPM-bypass! (rc=-19)
[    0.871280] ima: Allocated hash algorithm: sha1
[    0.873072] evm: HMAC attrs: 0x1
[    0.874233]   Magic number: 15:758:88
[    0.875165] rtc_cmos rtc_cmos: setting system clock to 2019-12-04 18:04:06 UTC (1575482646)
[    0.877338] BIOS EDD facility v0.16 2004-Jun-25, 0 devices found
[    0.878658] EDD information not available.
[    0.966428] Freeing unused kernel image memory: 2432K
[    0.989577] Write protecting the kernel read-only data: 20480k
[    0.993141] Freeing unused kernel image memory: 2008K
[    0.994777] Freeing unused kernel image memory: 1880K
[    1.002021] x86/mm: Checked W+X mappings: passed, no W+X pages found.
[    1.003714] x86/mm: Checking user space page tables
[    1.010521] x86/mm: Checked W+X mappings: passed, no W+X pages found.
Loading, please wait...
starting version 237
[    1.074801] Fusion MPT base driver 3.04.20
[    1.075820] Copyright (c) 1999-2008 LSI Corporation
[    1.078196] e1000: Intel(R) PRO/1000 Network Driver - version 7.3.21-k8-NAPI
[    1.080173] e1000: Copyright (c) 1999-2006 Intel Corporation.
[    1.086441] Fusion MPT SPI Host driver 3.04.20
[    1.113903] AVX2 version of gcm_enc/dec engaged.
[    1.115438] AES CTR mode by8 optimization enabled
[    1.304073] input: ImExPS/2 Generic Explorer Mouse as /devices/platform/i8042/serio1/input/input4
[    1.523156] e1000 0000:00:03.0 eth0: (PCI:33MHz:32-bit) 02:83:96:c1:64:f9
[    1.524682] e1000 0000:00:03.0 eth0: Intel(R) PRO/1000 Network Connection
[    1.527542] mptbase: ioc0: Initiating bringup
[    1.702067] ioc0: LSI53C1030 A0: Capabilities={Initiator}
[    2.708181] scsi host2: ioc0: LSI53C1030 A0, FwRev=00000000h, Ports=1, MaxQ=256, IRQ=20
[    3.521951] scsi 2:0:0:0: Direct-Access     VBOX     HARDDISK         1.0  PQ: 0 ANSI: 5
[    3.552162] scsi target2:0:0: Beginning Domain Validation
[    3.555736] scsi target2:0:0: Domain Validation skipping write tests
[    3.557840] scsi target2:0:0: Ending Domain Validation
[    3.559603] scsi target2:0:0: asynchronous
[    3.561884] scsi 2:0:1:0: Direct-Access     VBOX     HARDDISK         1.0  PQ: 0 ANSI: 5
[    3.836123] scsi target2:0:1: Beginning Domain Validation
[    3.838788] random: fast init done
[    3.840557] scsi target2:0:1: Domain Validation skipping write tests
[    3.842667] scsi target2:0:1: Ending Domain Validation
[    3.844569] scsi target2:0:1: asynchronous
[    3.851703] random: systemd-udevd: uninitialized urandom read (16 bytes read)
[    3.854379] random: systemd-udevd: uninitialized urandom read (16 bytes read)
[    3.856996] sd 2:0:0:0: Attached scsi generic sg0 type 0
[    3.858548] sd 2:0:0:0: [sda] 20971520 512-byte logical blocks: (10.7 GB/10.0 GiB)
[    3.860509] sd 2:0:1:0: Attached scsi generic sg1 type 0
[    3.862764] sd 2:0:0:0: [sda] Write Protect is off
[    3.864567] sd 2:0:1:0: [sdb] 20480 512-byte logical blocks: (10.5 MB/10.0 MiB)
[    3.867457] sd 2:0:0:0: [sda] Incomplete mode parameter data
[    3.869443] sd 2:0:0:0: [sda] Assuming drive cache: write through
[    3.871469] sd 2:0:1:0: [sdb] Write Protect is off
[    3.873304] random: systemd-udevd: uninitialized urandom read (16 bytes read)
[    3.875820] sd 2:0:1:0: [sdb] Incomplete mode parameter data
[    3.877826] sd 2:0:1:0: [sdb] Assuming drive cache: write through
[    3.882324]  sda: sda1
[    3.887160] sd 2:0:0:0: [sda] Attached SCSI disk
[    3.889722] sd 2:0:1:0: [sdb] Attached SCSI disk
[    3.985748] e1000 0000:00:08.0 eth1: (PCI:33MHz:32-bit) 08:00:27:9a:0c:28
[    3.987236] e1000 0000:00:08.0 eth1: Intel(R) PRO/1000 Network Connection
[    3.989805] e1000 0000:00:08.0 enp0s8: renamed from eth1
[    4.009534] e1000 0000:00:03.0 enp0s3: renamed from eth0
Begin: Loading essential drivers ... [    5.452565] raid6: sse2x1   gen() 10291 MB/s
[    5.502393] raid6: sse2x1   xor()  7228 MB/s
[    5.548336] raid6: sse2x2   gen() 12127 MB/s
[    5.596045] raid6: sse2x2   xor()  7436 MB/s
[    5.644356] raid6: sse2x4   gen() 14195 MB/s
[    5.692402] raid6: sse2x4   xor()  8685 MB/s
[    5.740527] raid6: avx2x1   gen() 19314 MB/s
[    5.788571] raid6: avx2x1   xor() 13345 MB/s
[    5.836255] raid6: avx2x2   gen() 22576 MB/s
[    5.884519] raid6: avx2x2   xor() 12298 MB/s
[    5.932131] raid6: avx2x4   gen() 11827 MB/s
[    5.980064] raid6: avx2x4   xor() 10298 MB/s
[    5.981063] raid6: using algorithm avx2x2 gen() 22576 MB/s
[    5.982245] raid6: .... xor() 12298 MB/s, rmw enabled
[    5.983335] raid6: using avx2x2 recovery algorithm
[    5.987390] xor: automatically using best checksumming function   avx       
[    5.990335] async_tx: api initialized (async)
done.
Begin: Running /scripts/init-premount ... done.
Begin: Mounting root file system ... Begin: Running /scripts/local-top ... done.
Begin: Running /scripts/local-premount ... [    6.038530] Btrfs loaded, crc32c=crc32c-intel
Scanning for Btrfs filesystems
done.
Warning: fsck not present, so skipping root file system
[    6.071785] EXT4-fs (sda1): INFO: recovery required on readonly filesystem
[    6.073546] EXT4-fs (sda1): write access will be enabled during recovery
[    6.166534] EXT4-fs (sda1): recovery complete
[    6.167818] EXT4-fs (sda1): mounted filesystem with ordered data mode. Opts: (null)
done.
Begin: Running /scripts/local-bottom ... done.
Begin: Running /scripts/init-bottom ... done.
[    6.318505] ip_tables: (C) 2000-2006 Netfilter Core Team
[    6.327662] systemd[1]: systemd 237 running in system mode. (+PAM +AUDIT +SELINUX +IMA +APPARMOR +SMACK +SYSVINIT +UTMP +LIBCRYPTSETUP +GCRYPT +GNUTLS +ACL +XZ +LZ4 +SECCOMP +BLKID +ELFUTILS +KMOD -IDN2 +IDN -PCRE2 default-hierarchy=hybrid)
[    6.332969] systemd[1]: Detected virtualization oracle.
[    6.334602] systemd[1]: Detected architecture x86-64.

Welcome to [1mUbuntu 18.04.3 LTS[0m!

[    6.355227] systemd[1]: Set hostname to <ubuntu-bionic>.
[    6.624400] systemd[1]: Reached target User and Group Name Lookups.
[[0;32m  OK  [0m] Reached target User and Group Name Lookups.
[    6.628739] systemd[1]: Created slice User and Session Slice.
[[0;32m  OK  [0m] Created slice User and Session Slice.
[    6.631872] systemd[1]: Set up automount Arbitrary Executable File Formats File System Automount Point.
[[0;32m  OK  [0m] Set up automount Arbitrary Executabâ€¦rmats File System Automount Point.
[    6.637090] systemd[1]: Reached target System Time Synchronized.
[[0;32m  OK  [0m] Reached target System Time Synchronized.
[    6.639859] systemd[1]: Started Forward Password Requests to Wall Directory Watch.
[[0;32m  OK  [0m] Started Forward Password Requests to Wall Directory Watch.
[    6.643298] systemd[1]: Reached target Swap.
[[0;32m  OK  [0m] Reached target Swap.
[[0;32m  OK  [0m] Created slice System Slice.
[[0;32m  OK  [0m] Listening on /dev/initctl Compatibility Named Pipe.
[[0;32m  OK  [0m] Listening on udev Control Socket.
[[0;32m  OK  [0m] Listening on Syslog Socket.
[[0;32m  OK  [0m] Listening on LVM2 metadata daemon socket.
[[0;32m  OK  [0m] Created slice system-serial\x2dgetty.slice.
[[0;32m  OK  [0m] Listening on Network Service Netlink Socket.
[[0;32m  OK  [0m] Reached target Slices.
[[0;32m  OK  [0m] Listening on Journal Socket.
         Starting Set the console keyboard layout...
         Mounting Huge Pages File System...
         Starting Remount Root and Kernel File Systems...
         Starting Create list of required stâ€¦ce nodes for the current kernel...
         Starting Load Kernel Modules...
         Starting Uncomplicated firewall...
[[0;32m  OK  [0m] Listening on Journal Socket (/dev/log).
[[0;32m  OK  [0m] Listening on Journal Audit Socket.
[[0;32m  OK  [0m] Listening on LVM2 poll daemon socket.
         Mounting POSIX Message Queue File System...
[[0;32m  OK  [0m] Listening on Device-mapper event daemon FIFOs.
         Mounting Kernel Debug File System...
[[0;32m  OK  [0m] Listening on udev Kernel Socket.
         Starting udev Coldplug all Devices...
         Starting Monitoring of LVM2 mirrorsâ€¦ng dmeventd or progress polling...
         Starting Journal Service...
[[0;32m  OK  [0m] Started Create list of required staâ€¦vice nodes for the current kernel.
         Starting Create Static Device Nodes in /dev...
[[0;32m  OK  [0m] Mounted Huge Pages File System.
[[0;32m  OK  [0m] Mounted POSIX Message Queue File System.
[[0;32m  OK  [0m] Mounted Kernel Debug File System.
[[0;32m  OK  [0m] Started Uncomplicated firewall.
[[0;32m  OK  [0m] Started LVM2 metadata daemon.
[[0;32m  OK  [0m] Started udev Coldplug all Devices.
[[0;32m  OK  [0m[    6.790978] EXT4-fs (sda1): re-mounted. Opts: (null)
] Started Create Static Device Nodes in /dev.
[[0;32m  OK  [0m] Started Remount Root and Kernel File Systems.
[    6.798408] Loading iSCSI transport class v2.0-870.
         Starting Load/Save Random Seed...
[    6.806040] iscsi: registered transport (tcp)
         Starting udev Kernel Device Manager...
[[0;32m  OK  [0m] Started Journal Service.
[[0;32m  OK  [0m] Started Load/Save Random Seed.
         Starting Flush Journal to Persistent Storage...
[    6.862243] iscsi: registered transport (iser)
[[0;32m  OK  [0m] Started Load Kernel Modules.
         Mounting FUSE Control File System...
         Mounting Kernel Configuration File System...
         Starting Apply Kernel Variables...
[[0;32m  OK  [0m] Started Monitoring of LVM2 mirrors,â€¦sing dmeventd or progress polling.
[[0;32m  OK  [0m] Mounted FUSE Control File System.
[[0;32m  OK  [0m] Mounted Kernel Configuration File System.
[    6.911060] systemd-journald[409]: Received request to flush runtime journal from PID 1
[[0;32m  OK  [0m] Started udev Kernel Device Manager.
[[0;32m  OK  [0m] Started Apply Kernel Variables.
[[0;32m  OK  [0m] Started Set the console keyboard layout.
[[0;32m  OK  [0m] Started Dispatch Password Requests to Console Directory Watch.
[[0;32m  OK  [0m] Reached target Local Encrypted Volumes.
[[0;32m  OK  [0m] Reached target Local File Systems (Pre).
[[0;32m  OK  [0m] Reached target Local File Systems.
         Starting Set console font and keymap...
         Starting ebtables ruleset management...
         Starting AppArmor initialization...
         Starting Tell Plymouth To Write Out Runtime Data...
[[0;32m  OK  [0m] Started Set console font and keymap.
[[0;32m  OK  [0m] Started Tell Plymouth To Write Out Runtime Data.
[[0;32m  OK  [0m] Started Flush Journal to Persistent Storage.
         Starting Create Volatile Files and Directories...
[[0;32m  OK  [0m] Started ebtables ruleset management.
[[0;32m  OK  [0m] Started Create Volatile Files and Directories.
         Starting Update UTMP about System Boot/Shutdown...
[[0;32m  OK  [0m] Started Update UTMP about System Boot/Shutdown.
[[0;32m  OK  [0m] Found device /dev/ttyS0.
[[0;32m  OK  [0m] Started AppArmor initialization.
         Starting Initial cloud-init job (pre-networking)...
[[0;32m  OK  [0m] Listening on Load/Save RF Kill Switch Status /dev/rfkill Watch.
[    8.816366] cloud-init[531]: Cloud-init v. 19.2-36-g059d049c-0ubuntu2~18.04.1 running 'init-local' at Wed, 04 Dec 2019 18:04:14 +0000. Up 8.59 seconds.
[[0;32m  OK  [0m] Started Initial cloud-init job (pre-networking).
[[0;32m  OK  [0m] Reached target Network (Pre).
         Starting Network Service...
[[0;32m  OK  [0m] Started Network Service.
         Starting Wait for Network to be Configured...
         Starting Network Name Resolution...
[[0;32m  OK  [0m] Started Network Name Resolution.
[[0;32m  OK  [0m] Reached target Network.
[[0;32m  OK  [0m] Reached target Host and Network Name Lookups.
[[0;32m  OK  [0m] Started Wait for Network to be Configured.
         Starting Initial cloud-init job (metadata service crawler)...
[   11.607111] cloud-init[668]: Cloud-init v. 19.2-36-g059d049c-0ubuntu2~18.04.1 running 'init' at Wed, 04 Dec 2019 18:04:17 +0000. Up 11.38 seconds.
[   11.625619] cloud-init[668]: ci-info: ++++++++++++++++++++++++++++++++++++++Net device info++++++++++++++++++++++++++++++++++++++
[   11.629959] cloud-init[668]: ci-info: +--------+------+----------------------------+---------------+--------+-------------------+
[   11.634599] cloud-init[668]: ci-info: | Device |  Up  |          Address           |      Mask     | Scope  |     Hw-Address    |
[   11.637639] cloud-init[668]: ci-info: +--------+------+----------------------------+---------------+--------+-------------------+
[   11.642066] cloud-init[668]: ci-info: | enp0s3 | True |         10.0.2.15          | 255.255.255.0 | global | 02:83:96:c1:64:f9 |
[   11.644780] cloud-init[668]: ci-info: | enp0s3 | True | fe80::83:96ff:fec1:64f9/64 |       .       |  link  | 02:83:96:c1:64:f9 |
[   11.660814] cloud-init[668]: ci-info: | enp0s8 | True |       192.168.33.10        | 255.255.255.0 | global | 08:00:27:9a:0c:28 |
[   11.672794] cloud-init[668]: ci-info: | enp0s8 | True | fe80::a00:27ff:fe9a:c28/64 |       .       |  link  | 08:00:27:9a:0c:28 |
[   11.675932] cloud-init[668]: ci-info: |   lo   | True |         127.0.0.1          |   255.0.0.0   |  host  |         .         |
[   11.678236] cloud-init[668]: ci-info: |   lo   | True |          ::1/128           |       .       |  host  |         .         |
[   11.692446] cloud-init[668]: ci-info: +--------+------+----------------------------+---------------+--------+-------------------+
[   11.695319] cloud-init[668]: ci-info: +++++++++++++++++++++++++++++Route IPv4 info+++++++++++++++++++++++++++++
[   11.701256] cloud-init[668]: ci-info: +-------+--------------+----------+-----------------+-----------+-------+
[   11.704231] cloud-init[668]: ci-info: | Route | Destination  | Gateway  |     Genmask     | Interface | Flags |
[   11.707365] cloud-init[668]: ci-info: +-------+--------------+----------+-----------------+-----------+-------+
[   11.710009] cloud-init[668]: ci-info: |   0   |   0.0.0.0    | 10.0.2.2 |     0.0.0.0     |   enp0s3  |   UG  |
[   11.724376] cloud-init[668]: ci-info: |   1   |   10.0.2.0   | 0.0.0.0  |  255.255.255.0  |   enp0s3  |   U   |
[   11.727490] cloud-init[668]: ci-info: |   2   |   10.0.2.2   | 0.0.0.0  | 255.255.255.255 |   enp0s3  |   UH  |
[   11.730684] cloud-init[668]: ci-info: |   3   | 192.168.33.0 | 0.0.0.0  |  255.255.255.0  |   enp0s8  |   U   |
[   11.733537] cloud-init[668]: ci-info: +-------+--------------+----------+-----------------+-----------+-------+
[   11.748607] cloud-init[668]: ci-info: +++++++++++++++++++Route IPv6 info+++++++++++++++++++
[   11.760887] cloud-init[668]: ci-info: +-------+-------------+---------+-----------+-------+
[   11.764812] cloud-init[668]: ci-info: | Route | Destination | Gateway | Interface | Flags |
[   11.768007] cloud-init[668]: ci-info: +-------+-------------+---------+-----------+-------+
[   11.770957] cloud-init[668]: ci-info: |   1   |  fe80::/64  |    ::   |   enp0s8  |   U   |
[   11.784525] cloud-init[668]: ci-info: |   2   |  fe80::/64  |    ::   |   enp0s3  |   U   |
[   11.787546] cloud-init[668]: ci-info: |   4   |    local    |    ::   |   enp0s3  |   U   |
[   11.793889] cloud-init[668]: ci-info: |   5   |    local    |    ::   |   enp0s8  |   U   |
[   11.796682] cloud-init[668]: ci-info: |   6   |   ff00::/8  |    ::   |   enp0s8  |   U   |
[   11.799912] cloud-init[668]: ci-info: |   7   |   ff00::/8  |    ::   |   enp0s3  |   U   |
[   11.802689] cloud-init[668]: ci-info: +-------+-------------+---------+-----------+-------+
[[0;32m  OK  [0m] Started Initial cloud-init job (metadata service crawler).
[[0;32m  OK  [0m] Reached target System Initialization.
[[0;32m  OK  [0m] Listening on ACPID Listen Socket.
[[0;32m  OK  [0m] Started Daily Cleanup of Temporary Directories.
[[0;32m  OK  [0m] Started Discard unused blocks once a week.
[[0;32m  OK  [0m] Listening on D-Bus System Message Bus Socket.
[[0;32m  OK  [0m] Started Daily apt download activities.
         Starting LXD - unix socket.
         Starting Socket activation for snappy daemon.
[[0;32m  OK  [0m] Started Daily apt upgrade and clean activities.
[[0;32m  OK  [0m] Started Message of the Day.
[[0;32m  OK  [0m] Reached target Timers.
[[0;32m  OK  [0m] Started ACPI Events Check.
[[0;32m  OK  [0m] Reached target Paths.
[[0;32m  OK  [0m] Listening on Open-iSCSI iscsid Socket.
[[0;32m  OK  [0m] Listening on UUID daemon activation socket.
[[0;32m  OK  [0m] Reached target Cloud-config availability.
[[0;32m  OK  [0m] Reached target Network is Online.
         Starting Availability of block devices...
[[0;32m  OK  [0m] Reached target Remote File Systems (Pre).
[[0;32m  OK  [0m] Reached target Remote File Systems.
[[0;32m  OK  [0m] Listening on LXD - unix socket.
[[0;32m  OK  [0m] Listening on Socket activation for snappy daemon.
[[0;32m  OK  [0m] Reached target Sockets.
[[0;32m  OK  [0m] Reached target Basic System.
         Starting Accounts Service...
         Starting LSB: Record successful boot for GRUB...
         Starting Dispatcher daemon for systemd-networkd...
         Starting Virtualbox guest utils...
         Starting A high performance web server and a reverse proxy server...
         Starting LSB: automatic crash report generation...
[[0;32m  OK  [0m] Started D-Bus System Message Bus.
         Starting Permit User Sessions...
         Starting Login Service...
         Starting System Logging Service...
         Starting OpenBSD Secure Shell server...
[[0;32m  OK  [0m] Started FUSE filesystem for LXC.
[[0;32m  OK  [0m] Started irqbalance daemon.
[[0;32m  OK  [0m] Started Deferred execution scheduler.
[[0;32m  OK  [0m] Started Regular background program processing daemon.
         Starting Snappy daemon...
         Starting LXD - container startup/shutdown...
[[0;32m  OK  [0m] Started System Logging Service.
[[0;32m  OK  [0m] Started Availability of block devices.
[[0;32m  OK  [0m] Started Permit User Sessions.
[[0;32m  OK  [0m] Started OpenBSD Secure Shell server.
[[0;32m  OK  [0m] Started A high performance web server and a reverse proxy server.
[[0;32m  OK  [0m] Started Dispatcher daemon for systemd-networkd.
[[0;32m  OK  [0m] Started Login Service.
[[0;32m  OK  [0m] Started Unattended Upgrades Shutdown.
         Starting Authorization Manager...
         Starting Hold until boot process finishes up...
         Starting Terminate Plymouth Boot Screen...
[[0;32m  OK  [0m] Started Hold until boot process finishes up.
[[0;32m  OK  [0m] Started Terminate Plymouth Boot Screen.
         Starting Set console scheme...
[[0;32m  OK  [0m] Started Serial Getty on ttyS0.
[[0;32m  OK  [0m] Started Authorization Manager.
[[0;32m  OK  [0m] Started Accounts Service.
[[0;32m  OK  [0m] Started Set console scheme.
[[0;32m  OK  [0m] Created slice system-getty.slice.
[[0;32m  OK  [0m] Started Getty on tty1.
[[0;32m  OK  [0m] Reached target Login Prompts.
[[0;32m  OK  [0m] Started LSB: automatic crash report generation.
[[0;32m  OK  [0m] Started LSB: Record successful boot for GRUB.
[[0;32m  OK  [0m] Started Virtualbox guest utils.
[[0;32m  OK  [0m] Started LXD - container startup/shutdown.
[[0;32m  OK  [0m] Created slice User Slice of vagrant.
[[0;32m  OK  [0m] Started Snappy daemon.
         Starting Wait until snapd is fully seeded...
         Starting User Manager for UID 1000...
[[0;32m  OK  [0m] Started Session 1 of user vagrant.
[[0;32m  OK  [0m] Started Wait until snapd is fully seeded.
         Starting Apply the settings specified in cloud-config...
[[0;32m  OK  [0m] Reached target Multi-User System.
[[0;32m  OK  [0m] Reached target Graphical Interface.
         Starting Update UTMP about System Runlevel Changes...
[[0;32m  OK  [0m] Started Update UTMP about System Runlevel Changes.
[[0;32m  OK  [0m] Started User Manager for UID 1000.
[   14.187341] cloud-init[1056]: Cloud-init v. 19.2-36-g059d049c-0ubuntu2~18.04.1 running 'modules:config' at Wed, 04 Dec 2019 18:04:19 +0000. Up 14.05 seconds.
[[0;32m  OK  [0m] Started Apply the settings specified in cloud-config.
         Starting Execute cloud user/final scripts...
[   14.959690] cloud-init[1123]: Cloud-init v. 19.2-36-g059d049c-0ubuntu2~18.04.1 running 'modules:final' at Wed, 04 Dec 2019 18:04:20 +0000. Up 14.79 seconds.
[   14.962633] cloud-init[1123]: Cloud-init v. 19.2-36-g059d049c-0ubuntu2~18.04.1 finished at Wed, 04 Dec 2019 18:04:20 +0000. Datasource DataSourceNoCloud [seed=/dev/sdb][dsmode=net].  Up 14.95 seconds
[[0;32m  OK  [0m] Started Execute cloud user/final scripts.
[[0;32m  OK  [0m] Reached target Cloud-init target.

Ubuntu 18.04.3 LTS ubuntu-bionic ttyS0

ubuntu-bionic login: 